Note: switching to '10996ed03031f8ad564e9c182389607e8c0e8a78'.

You are in 'detached HEAD' state. You can look around, make experimental
changes and commit them, and you can discard any commits you make in this
state without impacting any branches by switching back to a branch.

If you want to create a new branch to retain commits you create, you may
do so (now or later) by using -c with the switch command. Example:

  git switch -c <new-branch-name>

Or undo this operation with:

  git switch -

Turn off this advice by setting config variable advice.detachedHead to false

ok - omp omp/18.3.0: both tracked .omp/extensions loaded by auto-discovery with no -e and no trust dialog
not ok - the session-start digest did not reach model context before the first turn; reply was: SESSION START - Captain, no session-start digest is present in this context.
# rpc frame types seen:
     46 "type":"thinking"
     46 "type":"text"
     21 "type":"message_update"
     15 "type":"text_delta"
      6 "type":"extension_ui_request"
      3 "type":"summary_text"
      3 "type":"reasoning"
      3 "type":"output_text"
      3 "type":"message"
      2 "type":"thinking_delta"
      2 "type":"message_start"
      2 "type":"message_end"
      1 "type":"turn_start"
      1 "type":"turn_end"
      1 "type":"thinking_start"
      1 "type":"thinking_end"
      1 "type":"text_start"
      1 "type":"text_end"
      1 "type":"response"
      1 "type":"ready"
      1 "type":"available_commands_update"
      1 "type":"agent_start"
      1 "type":"agent_end"
# guard spy log:
rc=0 payload={"stop_hook_active":false}
# last stderr lines:
